Not Found: /L
"GET /L HTTP/1.1" 404 2173
Not Found: /L
"GET /L HTTP/1.1" 404 2173
"GET / HTTP/1.1" 200 7425
"GET / HTTP/1.1" 200 7425
"GET / HTTP/1.1" 200 7425
"GET /?request_token=D5aLeZDU5KTnEYPg3gFE9WvnWcERr0BM&action=login&status=success HTTP/1.1" 200 7425
"GET /static/lang-logo.png HTTP/1.1" 200 2217
Not Found: /favicon.ico
"GET /favicon.ico HTTP/1.1" 404 2203
"GET /?request_token=D5aLeZDU5KTnEYPg3gFE9WvnWcERr0BM&action=login&status=success HTTP/1.1" 200 7425
Not Found: /favicon.ico
"GET /favicon.ico HTTP/1.1" 404 2203
"GET /?request_token=D5aLeZDU5KTnEYPg3gFE9WvnWcERr0BM&action=login&status=success HTTP/1.1" 200 7425
"GET /?request_token=D5aLeZDU5KTnEYPg3gFE9WvnWcERr0BM&action=login&status=success HTTP/1.1" 200 7425
"GET /?request_token=D5aLeZDU5KTnEYPg3gFE9WvnWcERr0BM&action=login&status=success HTTP/1.1" 200 7425
"GET /?request_token=4NkKqv5lWCFie5iXZslg0t7nwSQzDrC0&action=login&status=success HTTP/1.1" 200 7425
"GET /?request_token=4NkKqv5lWCFie5iXZslg0t7nwSQzDrC0&action=login&status=success HTTP/1.1" 200 7425
"GET /?request_token=4NkKqv5lWCFie5iXZslg0t7nwSQzDrC0&action=login&status=success HTTP/1.1" 200 7425
"GET /?action=login&status=success&request_token=d1g0EKBQxO8HnLmyjymcb1uInfdt0Y0H HTTP/1.1" 200 7425
"GET /?action=login&status=success&request_token=d1g0EKBQxO8HnLmyjymcb1uInfdt0Y0H HTTP/1.1" 200 7425
"GET /?action=login&status=success&request_token=d1g0EKBQxO8HnLmyjymcb1uInfdt0Y0H HTTP/1.1" 200 7425
